   1: dmig4 3jfta t8sj7 E0B6F0
   2: 1pq1j 5cbu4 hntdy AF49FE
   3: t 0B4C30
   4: 0B4C30
