   1: dmig4 3jfta t 992633
   2: 8sj71 pq1j5 c DDFE0F
   3: bu4hn tdyt 0B4C30
   4: 0B4C30
