   1: dmig4 3jfta t8sj7 1p 176C63
   2: q1j5c bu4hn tdyt 0B4C30
   3: 0B4C30
