   1: dmig4 3jfta t8sj7 1pq1j 5cbu 0EB7FC
   2: 4hntd yt 0B4C30
   3: 0B4C30
