   1: dmig4 3jfta t8sj7 1pq1j 5 09E3D8
   2: cbu4h ntdyt 0B4C30
   3: 0B4C30
