   1: dmig4 3jfta t8 9FE9B6
   2: sj71p q1j5c bu 0EB7FC
   3: 4hntd yt 0B4C30
   4: 0B4C30
