   1: dmig4 88902D
   2: 3jfta 301363
   3: t8sj7 E0B6F0
   4: 1pq1j 393B84
   5: 5cbu4 553754
   6: hntdy AF49FE
   7: t 0B4C30
   8: 0B4C30
