   1: dmig4 3jft CE317B
   2: at8sj 71pq 6022D7
   3: 1j5cb u4hn 7F7408
   4: tdyt 0B4C30
   5: 0B4C30
