   1: dmig4 3jfta t8sj 8D313A
   2: 71pq1 j5cbu 4hnt D910CF
   3: dyt 0B4C30
   4: 0B4C30
