   1: dmig4 3jfta t8sj7 1 DF1604
   2: pq1j5 cbu4h ntdyt 0B4C30
   3: 0B4C30
