   1: dm 1FF750
   2: ig A47E99
   3: 43 C7ED0B
   4: jf B66E00
   5: ta 301363
   6: t8 9FE9B6
   7: sj 8D313A
   8: 71 DF1604
   9: pq 6022D7
  10: 1j 393B84
  11: 5c DDFE0F
  12: bu 0EB7FC
  13: 4h 4AE043
  14: nt D910CF
  15: dy AF49FE
  16: t 0B4C30
  17: 0B4C30
