   1: dmig4 3j 66B66E
   2: ftat8 sj 8D313A
   3: 71pq1 j5 09E3D8
   4: cbu4h nt D910CF
   5: dyt 0B4C30
   6: 0B4C30
