   1: d 8694DA
   2: m 1FF750
   3: i 3E5F5E
   4: g A47E99
   5: 4 88902D
   6: 3 C7ED0B
   7: j 66B66E
   8: f B66E00
   9: t CE317B
  10: a 301363
  11: t 992633
  12: 8 9FE9B6
  13: s FDE447
  14: j 8D313A
  15: 7 E0B6F0
  16: 1 DF1604
  17: p 176C63
  18: q 6022D7
  19: 1 7876A0
  20: j 393B84
  21: 5 09E3D8
  22: c DDFE0F
  23: b 3A29EA
  24: u 0EB7FC
  25: 4 553754
  26: h 4AE043
  27: n 7F7408
  28: t D910CF
  29: d 5E3CE7
  30: y AF49FE
  31: t 0B4C30
  32: 0B4C30
