   1: dmig4 3jf B66E00
   2: tat8s j71 DF1604
   3: pq1j5 cbu 0EB7FC
   4: 4hntd yt 0B4C30
   5: 0B4C30
