   1: dmig4 3 C7ED0B
   2: jftat 8 9FE9B6
   3: sj71p q 6022D7
   4: 1j5cb u 0EB7FC
   5: 4hntd y AF49FE
   6: t 0B4C30
   7: 0B4C30
