   1: dmi 3E5F5E
   2: g43 C7ED0B
   3: jft CE317B
   4: at8 9FE9B6
   5: sj7 E0B6F0
   6: 1pq 6022D7
   7: 1j5 09E3D8
   8: cbu 0EB7FC
   9: 4hn 7F7408
  10: tdy AF49FE
  11: t 0B4C30
  12: 0B4C30
