   1: dmig A47E99
   2: 43jf B66E00
   3: tat8 9FE9B6
   4: sj71 DF1604
   5: pq1j 393B84
   6: 5cbu 0EB7FC
   7: 4hnt D910CF
   8: dyt 0B4C30
   9: 0B4C30
