   1: dmig4 3jfta t8sj7 1pq1j 5cb 3A29EA
   2: u4hnt dyt 0B4C30
   3: 0B4C30
