   1: dmig4 3jfta 301363
   2: t8sj7 1pq1j 393B84
   3: 5cbu4 hntdy AF49FE
   4: t 0B4C30
   5: 0B4C30
