   1: dmig4 3jfta t8sj7 1pq1j 5cbu4 553754
   2: hntdy t 0B4C30
   3: 0B4C30
