   1: dmig4 3jfta t8sj7 1pq 6022D7
   2: 1j5cb u4hnt dyt 0B4C30
   3: 0B4C30
