   1: dmig4 3jfta t8sj7 1pq1j 393B84
   2: 5cbu4 hntdy t 0B4C30
   3: 0B4C30
