   1: dmig4 3jfta t8sj7 1pq1j 5c DDFE0F
   2: bu4hn tdyt 0B4C30
   3: 0B4C30
