   1: dmig4 3jfta t8s FDE447
   2: j71pq 1j5cb u4h 4AE043
   3: ntdyt 0B4C30
   4: 0B4C30
