   1: dmig4 3jfta t8sj7 1pq1 7876A0
   2: j5cbu 4hntd yt 0B4C30
   3: 0B4C30
